2026-03-11 08:11:02,839 - INFO - Opening OrangeHRM login page
2026-03-11 08:11:40,716 - INFO - Opening OrangeHRM login page
2026-03-11 08:12:18,147 - INFO - Opening OrangeHRM login page
2026-03-11 08:12:23,381 - INFO - Opening OrangeHRM login page
2026-03-11 08:12:28,923 - INFO - Opening OrangeHRM login page
2026-03-11 08:12:34,317 - INFO - Opening OrangeHRM login page
2026-03-11 08:12:37,111 - INFO - Opening OrangeHRM login page
2026-03-11 08:12:42,276 - INFO - Opening OrangeHRM login page
2026-03-11 08:12:45,338 - INFO - Opening OrangeHRM login page
2026-03-11 08:13:51,169 - INFO - Opening OrangeHRM login page
2026-03-11 08:14:34,564 - INFO - Opening OrangeHRM login page
2026-03-11 08:14:47,747 - INFO - Opening OrangeHRM login page
2026-03-11 08:14:54,226 - INFO - Opening OrangeHRM login page
2026-03-11 08:30:40,185 - INFO - Opening OrangeHRM login page
2026-03-11 08:31:19,091 - INFO - Opening OrangeHRM login page
2026-03-11 08:31:55,302 - INFO - Opening OrangeHRM login page
2026-03-11 08:32:03,280 - INFO - Opening OrangeHRM login page
2026-03-11 08:32:28,272 - INFO - Opening OrangeHRM login page
2026-03-11 08:32:38,756 - INFO - Opening OrangeHRM login page
2026-03-11 08:32:43,082 - INFO - Opening OrangeHRM login page
2026-03-11 08:36:02,769 - INFO - Opening OrangeHRM login page
2026-03-12 21:16:18,869 - INFO - Opening OrangeHRM login page
2026-03-12 21:16:36,569 - INFO - Screenshot taken: screenshots/test_search_existing_user.png
2026-03-12 21:16:36,570 - INFO - Closing browser
2026-03-12 21:16:40,156 - INFO - Opening OrangeHRM login page
2026-03-12 21:16:53,151 - INFO - Screenshot taken: screenshots/test_search_user_with_employee_name.png
2026-03-12 21:16:53,152 - INFO - Closing browser
2026-03-12 21:16:55,235 - INFO - Opening OrangeHRM login page
2026-03-12 21:17:40,010 - INFO - Screenshot taken: screenshots/test_search_user_with_status_and_role.png
2026-03-12 21:17:40,011 - INFO - Closing browser
2026-03-12 21:17:41,935 - INFO - Opening OrangeHRM login page
2026-03-12 21:18:23,831 - INFO - Screenshot taken: screenshots/test_search_user_invalid.png
2026-03-12 21:18:23,831 - INFO - Closing browser
2026-03-12 21:18:27,516 - INFO - Opening OrangeHRM login page
2026-03-12 21:18:36,175 - INFO - Closing browser
2026-03-12 21:18:41,635 - INFO - Opening OrangeHRM login page
2026-03-12 21:18:48,051 - INFO - Closing browser
2026-03-12 21:18:49,327 - INFO - Opening OrangeHRM login page
2026-03-12 21:18:55,276 - INFO - Closing browser
2026-03-12 21:18:56,538 - INFO - Opening OrangeHRM login page
2026-03-12 21:19:02,716 - INFO - Closing browser
2026-03-12 21:19:03,886 - INFO - Opening OrangeHRM login page
2026-03-12 21:19:19,234 - INFO - Screenshot taken: screenshots/test_valid_login.png
2026-03-12 21:19:19,235 - INFO - Closing browser
2026-03-12 21:19:20,513 - INFO - Opening OrangeHRM login page
2026-03-12 21:19:28,848 - INFO - Screenshot taken: screenshots/test_invalid_password.png
2026-03-12 21:19:28,849 - INFO - Closing browser
2026-03-12 21:19:30,389 - INFO - Opening OrangeHRM login page
2026-03-12 21:19:38,419 - INFO - Screenshot taken: screenshots/test_invalid_username.png
2026-03-12 21:19:38,420 - INFO - Closing browser
2026-03-12 21:19:39,680 - INFO - Opening OrangeHRM login page
2026-03-12 21:19:48,254 - INFO - Closing browser
2026-03-12 21:19:49,494 - INFO - Opening OrangeHRM login page
2026-03-12 21:19:56,231 - INFO - Closing browser
2026-03-12 21:19:57,526 - INFO - Opening OrangeHRM login page
2026-03-12 21:20:03,298 - INFO - Closing browser
2026-03-12 21:20:04,444 - INFO - Opening OrangeHRM login page
2026-03-12 21:20:10,601 - INFO - Closing browser
2026-03-12 21:20:12,191 - INFO - Opening OrangeHRM login page
2026-03-12 21:20:21,159 - INFO - Screenshot taken: screenshots/test_add_employee.png
2026-03-12 21:20:21,160 - INFO - Closing browser
2026-03-13 08:25:30,727 - INFO - Opening OrangeHRM login page
2026-03-13 08:25:45,115 - INFO - Screenshot taken: screenshots/test_search_existing_user.png
2026-03-13 08:25:45,117 - INFO - Closing browser
2026-03-13 08:26:16,609 - INFO - Opening OrangeHRM login page
2026-03-13 08:26:26,220 - INFO - Screenshot taken: screenshots/test_search_existing_user.png
2026-03-13 08:26:26,221 - INFO - Closing browser
2026-03-13 08:26:29,429 - INFO - Opening OrangeHRM login page
2026-03-13 08:26:43,623 - INFO - Screenshot taken: screenshots/test_search_user_with_employee_name.png
2026-03-13 08:26:43,625 - INFO - Closing browser
2026-03-13 08:29:36,352 - INFO - Opening OrangeHRM login page
2026-03-13 08:30:17,654 - INFO - Screenshot taken: screenshots/test_search_existing_user.png
2026-03-13 08:30:17,686 - INFO - Closing browser
2026-03-13 08:30:26,441 - INFO - Opening OrangeHRM login page
2026-03-13 08:30:34,033 - INFO - Opening OrangeHRM login page
2026-03-13 08:30:42,141 - INFO - Opening OrangeHRM login page
2026-03-15 23:08:55,479 - INFO - Opening OrangeHRM login page
2026-03-15 23:09:08,923 - INFO - Logged in successfully
2026-03-15 23:09:16,680 - INFO - Screenshot taken: screenshots/test_add_employee.png
2026-03-15 23:09:16,694 - INFO - Closing browser
2026-03-15 23:17:32,958 - INFO - Opening OrangeHRM login page
2026-03-15 23:17:40,837 - INFO - Logged in successfully
2026-03-15 23:18:12,739 - INFO - Closing browser
2026-03-15 23:18:46,662 - INFO - Opening OrangeHRM login page
2026-03-15 23:18:58,794 - INFO - Logged in successfully
2026-03-15 23:19:38,182 - INFO - Screenshot taken: screenshots/test_add_employee.png
2026-03-15 23:19:38,184 - INFO - Closing browser
2026-03-15 23:23:21,672 - INFO - Opening OrangeHRM login page
2026-03-15 23:23:49,318 - INFO - Closing browser
2026-03-15 23:25:09,722 - INFO - Opening OrangeHRM login page
2026-03-15 23:25:30,487 - INFO - Closing browser
2026-03-15 23:25:32,756 - INFO - Opening OrangeHRM login page
2026-03-15 23:25:46,667 - INFO - Closing browser
2026-03-15 23:25:48,692 - INFO - Opening OrangeHRM login page
2026-03-15 23:26:11,397 - INFO - Closing browser
2026-03-15 23:26:13,118 - INFO - Opening OrangeHRM login page
2026-03-15 23:26:31,514 - INFO - Closing browser
2026-03-15 23:28:00,000 - INFO - Opening OrangeHRM login page
2026-03-15 23:28:14,119 - INFO - Logged in successfully
2026-03-15 23:28:17,635 - INFO - Admin page opened
2026-03-15 23:28:17,900 - INFO - Screenshot taken: screenshots/test_open_job_titles.png
2026-03-15 23:28:17,902 - INFO - Closing browser
2026-03-15 23:35:41,428 - INFO - Opening OrangeHRM login page
2026-03-15 23:36:09,108 - INFO - Logged in successfully
2026-03-15 23:36:12,549 - INFO - Admin page opened
2026-03-15 23:36:14,522 - INFO - Navigated to Job Titles page
2026-03-15 23:36:16,966 - INFO - Screenshot taken: screenshots/test_open_job_titles.png
2026-03-15 23:36:16,981 - INFO - Closing browser
2026-03-15 23:38:48,057 - INFO - Opening OrangeHRM login page
2026-03-16 07:13:04,037 - INFO - Opening OrangeHRM login page
2026-03-16 07:14:21,930 - INFO - Opening OrangeHRM login page
2026-03-16 07:15:29,690 - INFO - Opening OrangeHRM login page
2026-03-16 07:16:00,061 - INFO - Closing browser
2026-03-16 07:16:10,758 - INFO - Opening OrangeHRM login page
2026-03-16 07:16:45,215 - INFO - Opening OrangeHRM login page
2026-03-16 07:17:17,124 - INFO - Closing browser
2026-03-16 07:17:24,731 - INFO - Opening OrangeHRM login page
2026-03-16 07:17:53,609 - INFO - Screenshot taken: screenshots/test_valid_login.png
2026-03-16 07:17:53,616 - INFO - Closing browser
2026-03-16 07:18:02,956 - INFO - Opening OrangeHRM login page
2026-03-16 07:18:28,496 - INFO - Logged in successfully
2026-03-16 07:19:08,810 - INFO - Screenshot taken: screenshots/test_add_employee.png
2026-03-16 07:19:08,830 - INFO - Closing browser
2026-03-16 07:20:43,199 - INFO - Opening OrangeHRM login page
2026-03-16 07:20:43,213 - INFO - Opening OrangeHRM login page
2026-03-16 07:21:21,341 - INFO - Opening OrangeHRM login page
2026-03-16 07:21:21,341 - INFO - Opening OrangeHRM login page
2026-03-16 07:21:40,736 - INFO - Closing browser
2026-03-16 07:21:41,313 - INFO - Closing browser
2026-03-16 07:21:44,456 - INFO - Opening OrangeHRM login page
2026-03-16 07:21:44,456 - INFO - Opening OrangeHRM login page
2026-03-16 07:21:50,928 - INFO - Closing browser
2026-03-16 07:21:52,873 - INFO - Closing browser
2026-03-16 07:21:58,071 - INFO - Opening OrangeHRM login page
2026-03-16 07:22:06,145 - INFO - Logged in successfully
2026-03-16 07:22:43,122 - INFO - Screenshot taken: screenshots/test_add_employee.png
2026-03-16 07:22:43,126 - INFO - Closing browser
2026-03-16 07:35:17,980 - INFO - Opening OrangeHRM login page
2026-03-16 07:35:27,153 - INFO - Logged in successfully
2026-03-16 07:35:31,426 - INFO - Admin page opened
2026-03-16 07:35:33,198 - INFO - Navigated to Job Titles page
2026-03-16 07:35:33,446 - INFO - Successfully opened Job Titles page
2026-03-16 07:35:33,447 - INFO - Closing browser
2026-03-16 07:36:04,657 - INFO - Opening OrangeHRM login page
2026-03-16 07:36:10,806 - INFO - Closing browser
2026-03-16 07:36:14,113 - INFO - Opening OrangeHRM login page
2026-03-16 07:36:20,005 - INFO - Closing browser
2026-03-16 07:36:21,650 - INFO - Opening OrangeHRM login page
2026-03-16 07:36:27,542 - INFO - Closing browser
2026-03-16 07:36:29,210 - INFO - Opening OrangeHRM login page
2026-03-16 07:36:43,394 - INFO - Closing browser
2026-03-16 07:37:15,724 - INFO - Opening OrangeHRM login page
2026-03-16 07:37:22,146 - INFO - Closing browser
2026-03-16 07:37:24,144 - INFO - Opening OrangeHRM login page
2026-03-16 07:37:30,306 - INFO - Closing browser
2026-03-16 07:37:31,848 - INFO - Opening OrangeHRM login page
2026-03-16 07:37:37,464 - INFO - Closing browser
2026-03-16 07:37:38,798 - INFO - Opening OrangeHRM login page
2026-03-16 07:37:44,409 - INFO - Closing browser
